// Jest Snapshot v1, https://goo.gl/fbAQLP

exports[`Signup component renders properly 1`] = `
<div>
  <div
    id="recipebar"
  >
    <div
      className="container text-center word-font"
    >
      <div
        className="row"
      >
        <div
          className="col-xs-8  col-sm-6 offset-xs-2 offset-sm-3 col-md-4 offset-md-4"
        >
          <h2
            className="word-font"
          >
            Create a category
          </h2>
          <form
            onSubmit={[Function]}
          >
            <div
              className="input-group "
            >
              <span
                class="input-group-addon"
              >
                <i
                  class="glyphicon glyphicon-pencil"
                />
              </span>
              <input
                className="form-control"
                name="title"
                onChange={[Function]}
                placeholder="category name"
                type="text"
                value=""
              />
            </div>
            <br />
            <input
              className="btn btn-primary"
              type="submit"
              value="Add Category"
            />
          </form>
        </div>
      </div>
    </div>
    <br />
  </div>
</div>
`;
