// Jest Snapshot v1, https://goo.gl/fbAQLP

exports[`Recipe renders correctly 1`] = `
<div
  className="card "
>
  <div
    aria-controls="collapseOne"
    aria-expanded="true"
    className="card-header recipe"
    data-toggle="collapse"
    href="#recipeDetails1"
    id="recipe-1"
    role="tab"
  >
    <h3
      className="mb-0"
    >
      <button
        className="btn btn-link"
      >
        mockTitle
      </button>
    </h3>
  </div>
  <div
    aria-labelledby="recipe-1"
    className="collapse"
    id="recipeDetails1"
    role="tabpanel"
  >
    <div
      className="card-block"
    >
      mockDesc
    </div>
    <button
      className="btn btn-sm btn-primary"
      data-target="#edit_recipe1"
      data-toggle="modal"
      to="#"
    >
      <i
        className="fa fa-edit"
      />
    </button>
    <button
      className="btn btn-sm btn-danger "
      onClick={[Function]}
      to="#"
    >
      <i
        className="fa fa-trash"
        to="#"
      />
    </button>
    <EditRecipe
      description="mockDesc"
      editRecipe={[Function]}
      id={1}
      title="mockTitle"
    />
  </div>
</div>
`;

exports[`ViewRecipes component renders properly 1`] = `
<div>
  <CreateRecipe
    getRecipes={[Function]}
    match={
      Object {
        "params": Object {},
      }
    }
  />
  <div
    className="viewrecipes"
  >
    <Search
      handleSearch={[Function]}
      placeholder="recipes"
    />
    <div
      className="col-md-6 offset-md-3"
    >
      <div
        aria-multiselectable="true"
        id="accordion"
        role="tablist"
      />
    </div>
    <Pagination
      activePage={null}
      changePage={[Function]}
      nextPage={null}
      previousPage={null}
      totalPages={null}
    />
  </div>
</div>
`;
